// Jest Snapshot v1, https://goo.gl/fbAQLP

exports[`Pruebas en <CounterApp /> Debe mostrar <CounterApp /> correctamente (hacer match con el snapshot) y sus valores por defecto 1`] = `
<Fragment>
  <h1>
    CounterApp
  </h1>
  <h2>
     
    5
     
  </h2>
  <button
    onClick={[Function]}
  >
    +1
  </button>
  <button
    onClick={[Function]}
  >
    -1
  </button>
  <button
    onClick={[Function]}
  >
    Reset
  </button>
</Fragment>
`;
